grub_gfxmenu_icon_manager_set_theme_path gfxmenu
grub_gfxmenu_view_redraw gfxmenu
grub_gfxmenu_fini gfxmenu
grub_gui_canvas_new gfxmenu
grub_gfxmenu_create_box gfxmenu
grub_gfxmenu_icon_manager_new gfxmenu
grub_get_dirname gfxmenu
grub_gui_hbox_new gfxmenu
grub_gui_progress_bar_new gfxmenu
grub_gui_circular_progress_new gfxmenu
grub_gfxmenu_init gfxmenu
cached_view gfxmenu
grub_gfxmenu_redraw_menu gfxmenu
grub_gfxmenu_icon_manager_destroy gfxmenu
grub_gfxmenu_view_load_theme gfxmenu
grub_gui_iterate_recursively gfxmenu
grub_gui_image_new gfxmenu
grub_gfxmenu_icon_manager_clear_cache gfxmenu
grub_gfxmenu_icon_manager_set_icon_size gfxmenu
grub_gfxmenu_view_new gfxmenu
grub_resolve_relative_path gfxmenu
grub_gfxmenu_icon_manager_get_icon gfxmenu
grub_gui_recreate_box gfxmenu
grub_gfxmenu_view_draw gfxmenu
grub_gui_label_new gfxmenu
grub_gfxmenu_view_destroy gfxmenu
grub_gui_vbox_new gfxmenu
grub_gfxmenu_clear_timeout gfxmenu
grub_new_substring gfxmenu
grub_gfxmenu_print_timeout gfxmenu
grub_gui_parse_color gfxmenu
grub_gui_list_new gfxmenu
grub_gfxmenu_set_chosen_entry gfxmenu
grub_gui_find_by_id gfxmenu
grub_gui_get_named_color gfxmenu
