grub_xnu_load_kext_from_dir xnu
grub_macho_close xnu
grub_macho_load64 xnu
table_aliases xnu
grub_macho_get_entry_point64 xnu
grub_cpu_xnu_fill_devicetree xnu
grub_xnu_cmdline xnu
grub_xnu_is_64bit xnu
grub_xnu_heap_will_be_at xnu
grub_xnu_devtree_root xnu
grub_xnu_init xnu
grub_xnu_arg1 xnu
grub_xnu_set_video xnu
grub_xnu_devprop_add_property_utf8 xnu
grub_xnu_find_key xnu
grub_cpu_xnu_fini xnu
grub_xnu_bitmap_mode xnu
grub_macho_size32 xnu
grub_xnu_fini xnu
grub_xnu_heap_malloc xnu
grub_macho_contains_macho32 xnu
grub_macho_filesize32 xnu
grub_macho_open xnu
grub_xnu_devprop_add_property_utf16 xnu
grub_xnu_align_heap xnu
grub_macho_filesize64 xnu
grub_xnu_scan_dir_for_kexts xnu
grub_xnu_boot xnu
grub_xnu_free_devtree xnu
grub_xnu_bitmap xnu
grub_xnu_writetree_toheap xnu
grub_macho_load32 xnu
grub_cpu_xnu_init xnu
grub_xnu_fill_devicetree xnu
grub_macho_get_entry_point32 xnu
grub_xnu_devprop_add_device xnu
grub_xnu_boot_resume xnu
grub_xnu_resume xnu
grub_xnu_create_key xnu
grub_xnu_stack xnu
grub_xnu_unlock xnu
grub_macho_readfile64 xnu
grub_xnu_heap_size xnu
grub_macho_file xnu
grub_xnu_create_value xnu
grub_xnu_heap_start xnu
grub_xnu_devprop_remove_property xnu
grub_xnu_lock xnu
devices xnu
grub_macho_readfile32 xnu
grub_xnu_entry_point xnu
grub_cpu_xnu_unload xnu
grub_macho_parse32 xnu
grub_macho_size64 xnu
grub_macho_parse64 xnu
grub_macho_contains_macho64 xnu
grub_xnu_devprop_remove_device xnu
