grub_menu_execute_with_fallback normal
read_terminal_list normal
grub_getstringwidth normal
grub_normal_print_device_info normal
grub_cmdline_get normal
grub_set_history normal
grub_puts_terminal normal
grub_menu_entry_run normal
grub_cmdline_run normal
grub_env_write_color_highlight normal
grub_term_restore_pos normal
read_fs_list normal
grub_env_context_close normal
grub_unixtime2datetime normal
grub_set_more normal
grub_env_export normal
grub_wait_after_message normal
grub_env_get_menu normal
grub_auth_deauthenticate normal
grub_normal_add_menu_entry normal
initial_menu normal
grub_auth_check_authentication normal
grub_install_newline_hook normal
grub_term_save_pos normal
grub_context_init normal
grub_auth_unregister_authentication normal
grub_gfxmenu_try_hook normal
grub_get_weekday normal
grub_menu_init_page normal
current_menu normal
read_handler_list normal
read_command_list normal
grub_auth_authenticate normal
grub_env_set_menu normal
free_handler_list normal
grub_menu_register_viewer normal
grub_get_weekday_name normal
grub_menu_get_timeout normal
grub_env_context_open normal
grub_menu_set_timeout normal
grub_menu_try_text normal
crypto_specs normal
grub_menu_execute_entry normal
grub_print_message_indented normal
grub_env_unset_menu normal
grub_normal_execute normal
grub_parse_color_name_pair normal
read_crypto_list normal
users normal
grub_menu_get_entry normal
grub_normal_init_page normal
grub_normal_do_completion normal
grub_context_fini normal
grub_file_getline normal
grub_normal_init normal
grub_auth_register_authentication normal
grub_enter_normal_mode normal
grub_show_menu normal
grub_print_ucs4 normal
grub_normal_fini normal
grub_normal_exit_level normal
grub_normal_get_line_counter normal
grub_env_write_color_normal normal
