grub_relocator32_backward_ecx relocator
grub_relocator32_forward_eax relocator
grub_relocator32_forward_end relocator
grub_relocator32_boot relocator
grub_relocator32_forward_ecx relocator
grub_relocator32_backward_ebx relocator
grub_relocator32_forward_src relocator
grub_relocator32_forward_ebx relocator
grub_relocator32_backward_src relocator
grub_relocator32_backward_end relocator
grub_relocator32_forward_esp relocator
grub_relocator32_forward_start relocator
grub_relocator32_backward_dest relocator
grub_relocator32_free relocator
grub_relocator32_alloc relocator
grub_relocator32_forward_eip relocator
grub_relocator32_realloc relocator
grub_relocator32_backward_size relocator
grub_relocator32_backward_edx relocator
grub_relocator32_backward_eip relocator
grub_relocator32_forward_dest relocator
grub_relocator32_forward_size relocator
grub_relocator32_forward_edx relocator
grub_relocator32_backward_eax relocator
grub_relocator32_backward_esp relocator
grub_relocator32_backward_start relocator
