grub_efiemu_loadcore_init64 efiemu
grub_efiemu_write_value efiemu
grub_machine_efiemu_init_tables efiemu
grub_arch_efiemu_check_header32 efiemu
grub_efiemu_autocore efiemu
grub_efiemu_check_header64 efiemu
grub_efiemu_mm_obtain_request efiemu
grub_efiemu_system_table32 efiemu
grub_efiemu_register_configuration_table efiemu
grub_efiemu_exit_boot_services efiemu
grub_efiemu_set_virtual_address_map efiemu
grub_efiemu_mm_return_request efiemu
grub_efiemu_free_syms efiemu
grub_efiemu_get_memory_map efiemu
grub_efiemu_get_default_core_name efiemu
grub_arch_efiemu_relocate_symbols64 efiemu
grub_efiemu_check_header32 efiemu
grub_efiemu_crc32 efiemu
grub_efiemu_loadcore_load64 efiemu
grub_efiemu_finish_boot_services efiemu
grub_efiemu_loadcore_init efiemu
grub_efiemu_resolve_symbol efiemu
grub_efiemu_sizeof_uintn_t efiemu
grub_efiemu_loadcore_init32 efiemu
grub_efiemu_unregister_configuration_table efiemu
grub_efiemu_loadcore_unload32 efiemu
grub_efiemu_loadcore_load efiemu
grub_efiemu_request_symbols efiemu
grub_efiemu_unload efiemu
grub_efiemu_mm_do_alloc efiemu
grub_efiemu_init efiemu
grub_efiemu_prepare64 efiemu
grub_arch_efiemu_relocate_symbols32 efiemu
grub_efiemu_register_prepare_hook efiemu
grub_efiemu_mm_unload efiemu
grub_efiemu_prepare32 efiemu
grub_efiemu_prepare efiemu
grub_efiemu_fini efiemu
grub_efiemu_mm_init efiemu
grub_efiemu_loadcore_unload efiemu
grub_efiemu_loadcore_unload64 efiemu
grub_efiemu_register_symbol efiemu
grub_efiemu_mm_get_type efiemu
grub_efiemu_alloc_syms efiemu
grub_efiemu_system_table64 efiemu
grub_efiemu_request_memalign efiemu
grub_efiemu_mmap_iterate efiemu
grub_efiemu_crc64 efiemu
grub_efiemu_write_sym_markers efiemu
grub_efiemu_loadcore_load32 efiemu
grub_efiemu_pnvram efiemu
grub_arch_efiemu_check_header64 efiemu
