grub_video_fb_map_rgba video_fb
grub_video_fb_fini video_fb
grub_video_fb_doublebuf_blit_init video_fb
grub_video_fb_create_render_target_from_pointer video_fb
grub_video_fb_unmap_color_int video_fb
grub_video_fbblit_blend_BGR888_RGBA8888 video_fb
grub_video_fbblit_blend_BGRA8888_RGBA8888 video_fb
grub_video_fb_unmap_color video_fb
palette video_fb
grub_video_fb_map_rgb video_fb
grub_video_fbblit_blend_index_RGBA8888 video_fb
grub_video_fb_scroll video_fb
grub_video_fbfill_direct16 video_fb
grub_video_fbblit_replace_32bit_1bit video_fb
grub_video_fb_fill_rect video_fb
grub_video_fb_blit_bitmap video_fb
grub_video_fbblit_replace_BGRX8888_RGB888 video_fb
set_pixel video_fb
grub_video_fb_get_viewport video_fb
grub_video_fbblit_replace_BGR888_RGBX8888 video_fb
grub_video_fbblit_replace_index_RGBX8888 video_fb
grub_video_fbblit_blend_XXX565_1bit video_fb
grub_video_fbblit_replace_directN video_fb
grub_video_fbblit_replace video_fb
grub_video_fbblit_replace_RGB888_RGBX8888 video_fb
grub_video_fb_get_palette video_fb
grub_video_fb_set_palette video_fb
grub_video_fbblit_blend_RGB888_RGBA8888 video_fb
grub_video_fb_map_color video_fb
grub_video_fbblit_blend_XXX888_1bit video_fb
grub_video_fbblit_blend_XXXA8888_1bit video_fb
grub_video_fbblit_replace_BGRX8888_RGBX8888 video_fb
grub_video_fb_init video_fb
grub_video_fbblit_replace_BGR888_RGB888 video_fb
grub_video_fbblit_blend_RGBA8888_RGBA8888 video_fb
grub_video_fbblit_replace_16bit_1bit video_fb
grub_video_fbfill_direct32 video_fb
grub_video_fbfill video_fb
grub_video_fb_set_active_render_target video_fb
grub_video_fbfill_direct24 video_fb
grub_video_fb_delete_render_target video_fb
grub_video_fbfill_direct8 video_fb
grub_video_fbblit_replace_index_RGB888 video_fb
get_pixel video_fb
grub_video_fbstd_colors video_fb
grub_video_fbblit_blend video_fb
grub_video_fb_get_active_render_target video_fb
grub_video_fbblit_replace_24bit_1bit video_fb
grub_video_fbblit_replace_RGBX8888_RGB888 video_fb
grub_video_fb_set_viewport video_fb
grub_video_fb_get_info video_fb
grub_video_fb_blit_render_target video_fb
grub_video_fbblit_replace_8bit_1bit video_fb
grub_video_fb_create_render_target video_fb
grub_video_fb_get_video_ptr video_fb
