grub_abort kernel
grub_biosdisk_check_int13_extensions kernel
grub_biosdisk_get_cdinfo_int13_extensions kernel
grub_biosdisk_get_diskinfo_int13_extensions kernel
grub_biosdisk_get_diskinfo_standard kernel
grub_biosdisk_get_num_floppies kernel
grub_biosdisk_rw_int13_extensions kernel
grub_biosdisk_rw_standard kernel
grub_boot_drive kernel
grub_chainloader_real_boot kernel
grub_checkkey kernel
grub_cls kernel
grub_command_list kernel
grub_current_context kernel
grub_device_close kernel
grub_device_iterate kernel
grub_device_open kernel
grub_disk_ata_pass_through kernel
grub_disk_close kernel
grub_disk_dev_iterate kernel
grub_disk_dev_register kernel
grub_disk_dev_unregister kernel
grub_disk_firmware_fini kernel
grub_disk_firmware_is_tainted kernel
grub_disk_get_size kernel
grub_disk_open kernel
grub_disk_read kernel
grub_disk_write kernel
grub_divmod64 kernel
grub_dl_get kernel
grub_dl_iterate kernel
grub_dl_load_file kernel
grub_dl_load kernel
grub_dl_ref kernel
grub_dl_unload kernel
grub_dl_unref kernel
grub_env_find kernel
grub_env_get kernel
grub_env_iterate kernel
grub_env_set kernel
grub_env_unset kernel
grub_errmsg kernel
grub_errno kernel
grub_error kernel
grub_error_pop kernel
grub_error_push kernel
grub_exit kernel
grub_fatal kernel
grub_file_close kernel
grub_file_get_device_name kernel
grub_file_open kernel
grub_file_read kernel
grub_file_seek kernel
grub_free kernel
grub_fs_autoload_hook kernel
grub_fs_iterate kernel
grub_fs_probe kernel
grub_fs_register kernel
grub_fs_unregister kernel
grub_getkey kernel
grub_getkeystatus kernel
grub_get_mmap_entry kernel
grub_get_rtc kernel
grub_gettext kernel
grub_get_time_ms kernel
grub_halt kernel
grub_handler_class_list kernel
grub_handler_register kernel
grub_handler_set_current kernel
grub_handler_unregister kernel
grub_isprint kernel
grub_isspace kernel
grub_linux16_real_boot kernel
grub_linux_is_bzimage kernel
grub_linux_prot_size kernel
grub_linux_real_addr kernel
grub_linux_tmp_addr kernel
grub_list_insert kernel
grub_list_iterate kernel
grub_list_pop kernel
grub_list_push kernel
grub_list_remove kernel
grub_machine_fini kernel
grub_machine_mmap_iterate kernel
grub_malloc kernel
grub_memalign kernel
grub_memcmp kernel
grub_memmove kernel
grub_memset kernel
grub_millisleep kernel
grub_module_iterate kernel
grub_named_list_find kernel
grub_newline_hook kernel
grub_os_area_addr kernel
grub_os_area_size kernel
grub_parser_class kernel
grub_parser_cmdline_state kernel
grub_parser_execute kernel
grub_parser_split_cmdline kernel
grub_partition_get_name kernel
grub_partition_iterate kernel
grub_partition_map_iterate kernel
grub_partition_map_register kernel
grub_partition_map_unregister kernel
grub_partition_probe kernel
grub_pit_wait kernel
grub_print_error kernel
grub_printf kernel
grub_printf_ kernel
grub_prio_list_insert kernel
grub_putchar kernel
grub_putcode kernel
grub_puts kernel
grub_puts_ kernel
grub_pxe_call kernel
grub_pxe_scan kernel
grub_real_dprintf kernel
grub_realloc kernel
grub_reboot kernel
grub_refresh kernel
grub_register_command_prio kernel
grub_register_variable_hook kernel
grub_setcolorstate kernel
grub_snprintf kernel
grub_stop_floppy kernel
grub_stpcpy kernel
grub_strchr kernel
grub_strcmp kernel
grub_strcpy kernel
grub_strdup kernel
grub_strlen kernel
grub_strncmp kernel
grub_strncpy kernel
grub_strndup kernel
grub_strrchr kernel
grub_strstr kernel
grub_strtoul kernel
grub_strtoull kernel
grub_strword kernel
grub_term_inputs_disabled kernel
grub_term_inputs kernel
grub_term_outputs_disabled kernel
grub_term_outputs kernel
grub_unregister_command kernel
grub_utf8_to_ucs4 kernel
grub_vbe_bios_get_controller_info kernel
grub_vbe_bios_get_display_start kernel
grub_vbe_bios_get_memory_window kernel
grub_vbe_bios_get_mode_info kernel
grub_vbe_bios_get_mode kernel
grub_vbe_bios_get_scanline_length kernel
grub_vbe_bios_getset_dac_palette_width kernel
grub_vbe_bios_set_display_start kernel
grub_vbe_bios_set_memory_window kernel
grub_vbe_bios_set_mode kernel
grub_vbe_bios_set_palette_data kernel
grub_vbe_bios_set_scanline_length kernel
grub_vga_get_font kernel
grub_vga_set_mode kernel
grub_vprintf kernel
grub_vsnprintf kernel
grub_xasprintf kernel
grub_xvasprintf kernel
grub_zalloc kernel
memcmp kernel
memcpy kernel
memmove kernel
memset kernel
