xnu
grub_strlen
grub_strncpy
grub_strcpy
grub_strrchr
grub_efiemu_system_table32
grub_video_bitmap_load
grub_relocator32_boot
grub_error_push
grub_efiemu_exit_boot_services
grub_xasprintf
grub_realloc
grub_video_set_mode
grub_video_blit_bitmap
grub_efiemu_set_virtual_address_map
grub_memmove
grub_device_open
grub_strdup
grub_efiemu_get_memory_map
grub_divmod64
grub_file_get_device_name
grub_pit_wait
grub_snprintf
grub_unregister_extcmd
grub_efiemu_sizeof_uintn_t
grub_dl_ref
grub_file_seek
grub_errno
grub_memset
grub_getkey
grub_gzfile_open
grub_register_command_prio
grub_printf
grub_unregister_command
grub_env_iterate
grub_relocator32_alloc
grub_file_read
grub_print_error
grub_zalloc
grub_strcmp
grub_relocator32_realloc
grub_strchr
grub_malloc
grub_file_close
grub_file_open
grub_real_dprintf
grub_efiemu_prepare
grub_device_close
grub_fs_probe
grub_strword
grub_error
grub_list_remove
grub_video_get_info_and_fini
grub_free
grub_named_list_find
grub_dl_unref
grub_video_get_info
grub_efiemu_system_table64
grub_utf8_to_utf16
grub_register_extcmd
grub_list_push
grub_memcmp
grub_loader_set
grub_env_get
grub_video_bitmap_create_scaled
