gfxmenu
grub_strlen
grub_video_bitmap_get_width
grub_strtoull
grub_gfxterm_decorator_hook
grub_font_get_descent
grub_strcpy
grub_video_bitmap_load
grub_error_push
grub_xasprintf
grub_font_get_ascent
grub_video_blit_bitmap
grub_memmove
grub_strdup
grub_trig_sintab
grub_video_map_rgba
grub_video_fill_rect
grub_trig_costab
grub_gfxmenu_try_hook
grub_font_get_string_width
grub_video_bitmap_destroy
grub_font_get
grub_errno
grub_menu_register_viewer
grub_font_draw_string
grub_video_get_viewport
grub_file_read
grub_term_outputs
grub_print_error
grub_gfxterm_fullscreen
grub_zalloc
grub_strcmp
grub_strchr
grub_malloc
grub_file_close
grub_video_swap_buffers
grub_file_open
grub_isspace
grub_gfxterm_schedule_repaint
grub_menu_get_entry
grub_video_set_active_render_target
grub_video_map_rgb
grub_error
grub_free
grub_video_get_info
grub_stpcpy
grub_error_pop
grub_video_set_viewport
grub_gfxterm_set_window
grub_video_bitmap_get_height
grub_gettext
grub_env_get
grub_video_bitmap_create_scaled
grub_strtoul
